#
# Automatically generated file. DO NOT EDIT.
# Espressif IoT Development Framework (ESP-IDF)  Project Configuration
#
CONFIG_FOO=y
# default:
# CONFIG_BAR is not set
