#
# Automatically generated file. DO NOT EDIT.
# Espressif IoT Development Framework (ESP-IDF)  Project Configuration
#

#
# always visible comment
#
CONFIG_COMMENTS_SHOWN=y

#
# Visible conditional comment
#

#
# Invisible conditional comment
#
CONFIG_BELOW_COMMENT=y
