#
# Automatically generated file. DO NOT EDIT.
# Espressif IoT Development Framework (ESP-IDF)  Project Configuration
#

#
# menumenu
#
CONFIG_A=y
CONFIG_IFA=y
# end of menumenu
