#
# Automatically generated file. DO NOT EDIT.
# Espressif IoT Development Framework (ESP-IDF)  Project Configuration
#
# default:
CONFIG_MOTOR_NUMBER=8
# default:
CONFIG_MOTOR_NUMBER_AS_STRING="8"
# default:
CONFIG_RANGED_CONFIG=50
