#
# Automatically generated file. DO NOT EDIT.
# Espressif IoT Development Framework (ESP-IDF)  Project Configuration
#
CONFIG_VER="5.3"
CONFIG_FOO=1
