warning: default on the choice symbol C1
will have no effect, as defaults do not affect choice symbols
