C1 (defined at
MultiplePrompts.in:11) defined with multiple prompts in single location
warning: A (defined at
MultiplePrompts.in:3) defined with multiple prompts in single location
