#
# Automatically generated file. DO NOT EDIT.
# Espressif IoT Development Framework (ESP-IDF)  Project Configuration
#

# CONFIG_A is not set
CONFIG_C1=y
