Status: Finished with notifications
Multiple definitions
FOO
