#
# Automatically generated file. DO NOT EDIT.
# Espressif IoT Development Framework (ESP-IDF)  Project Configuration
#
# default:
CONFIG_SECOND_MOTOR_NUMBER=${UNDEFINED_MAX_NUMBER_OF_MOTORS}
# default:
CONFIG_SECOND_MOTOR_NUMBER_AS_STRING="${UNDEFINED_MAX_NUMBER_OF_MOTORS}"
